
<DESCRIBE::>group 1

<FAILED::>Exceeded time limit of 0.010 seconds

<COMPLETEDIN::>30.41
