
<DESCRIBE::>group 1

<PASSED::>Test Passed

<COMPLETEDIN::>17.19
