
<DESCRIBE::>group 1

<FAILED::>Didn't pass

<COMPLETEDIN::>30.41
