
<DESCRIBE::>group 1

<FAILED::>Exceeded time limit of 0.010 seconds: nope...

<COMPLETEDIN::>30.41
